  Determining projects to restore...
  All projects are up-to-date for restore.
  TrustRent.Shared -> F:\AzureProjects\TrustRent\TrustRent_Backend\TrustRent.Shared\bin\Debug\net8.0\TrustRent.Shared.dll
  TrustRent.Modules.Identity -> F:\AzureProjects\TrustRent\TrustRent_Backend\TrustRent.Modules.Identity\bin\Debug\net8.0\TrustRent.Modules.Identity.dll
  TrustRent.Modules.Leasing -> F:\AzureProjects\TrustRent\TrustRent_Backend\TrustRent.Modules.Leasing\bin\Debug\net8.0\TrustRent.Modules.Leasing.dll
  TrustRent.Modules.Communications -> F:\AzureProjects\TrustRent\TrustRent_Backend\TrustRent.Modules.Communications\bin\Debug\net8.0\TrustRent.Modules.Communications.dll
F:\AzureProjects\TrustRent\TrustRent_Backend\TrustRent.Modules.Catalog\Services\LeaseValidator.cs(5,21): error CS0101: The namespace 'TrustRent.Modules.Catalog.Services' already contains a definition for 'LeaseValidator' [F:\AzureProjects\TrustRent\TrustRent_Backend\TrustRent.Modules.Catalog\TrustRent.Modules.Catalog.csproj]
F:\AzureProjects\TrustRent\TrustRent_Backend\TrustRent.Modules.Catalog\Services\ApplicationService.cs(12,14): error CS0101: The namespace 'TrustRent.Modules.Catalog.Services' already contains a definition for 'ApplicationService' [F:\AzureProjects\TrustRent\TrustRent_Backend\TrustRent.Modules.Catalog\TrustRent.Modules.Catalog.csproj]
F:\AzureProjects\TrustRent\TrustRent_Backend\TrustRent.Modules.Catalog\Mappers\LeaseMappers.cs(8,19): error CS0246: The type or namespace name 'LeaseDto' could not be found (are you missing a using directive or an assembly reference?) [F:\AzureProjects\TrustRent\TrustRent_Backend\TrustRent.Modules.Catalog\TrustRent.Modules.Catalog.csproj]
F:\AzureProjects\TrustRent\TrustRent_Backend\TrustRent.Modules.Catalog\Contracts\DTOs\LeaseDto.cs(7,41): error CS0246: The type or namespace name 'Application' could not be found (are you missing a using directive or an assembly reference?) [F:\AzureProjects\TrustRent\TrustRent_Backend\TrustRent.Modules.Catalog\TrustRent.Modules.Catalog.csproj]
F:\AzureProjects\TrustRent\TrustRent_Backend\TrustRent.Modules.Catalog\Contracts\DTOs\ApplicationDto.cs(20,12): error CS0246: The type or namespace name 'LeaseDto' could not be found (are you missing a using directive or an assembly reference?) [F:\AzureProjects\TrustRent\TrustRent_Backend\TrustRent.Modules.Catalog\TrustRent.Modules.Catalog.csproj]
F:\AzureProjects\TrustRent\TrustRent_Backend\TrustRent.Modules.Catalog\Contracts\Database\CatalogDbContext.cs(13,18): error CS0246: The type or namespace name 'Application' could not be found (are you missing a using directive or an assembly reference?) [F:\AzureProjects\TrustRent\TrustRent_Backend\TrustRent.Modules.Catalog\TrustRent.Modules.Catalog.csproj]
F:\AzureProjects\TrustRent\TrustRent_Backend\TrustRent.Modules.Catalog\Services\LeaseValidator.cs(7,41): error CS0246: The type or namespace name 'Application' could not be found (are you missing a using directive or an assembly reference?) [F:\AzureProjects\TrustRent\TrustRent_Backend\TrustRent.Modules.Catalog\TrustRent.Modules.Catalog.csproj]
F:\AzureProjects\TrustRent\TrustRent_Backend\TrustRent.Modules.Catalog\Services\ApplicationService.cs(17,12): error CS0111: Type 'ApplicationService' already defines a member called 'ApplicationService' with the same parameter types [F:\AzureProjects\TrustRent\TrustRent_Backend\TrustRent.Modules.Catalog\TrustRent.Modules.Catalog.csproj]
F:\AzureProjects\TrustRent\TrustRent_Backend\TrustRent.Modules.Catalog\Services\ApplicationService.cs(23,39): error CS0111: Type 'ApplicationService' already defines a member called 'SubmitApplicationAsync' with the same parameter types [F:\AzureProjects\TrustRent\TrustRent_Backend\TrustRent.Modules.Catalog\TrustRent.Modules.Catalog.csproj]
F:\AzureProjects\TrustRent\TrustRent_Backend\TrustRent.Modules.Catalog\Services\ApplicationService.cs(69,52): error CS0111: Type 'ApplicationService' already defines a member called 'GetApplicationsForPropertyAsync' with the same parameter types [F:\AzureProjects\TrustRent\TrustRent_Backend\TrustRent.Modules.Catalog\TrustRent.Modules.Catalog.csproj]
F:\AzureProjects\TrustRent\TrustRent_Backend\TrustRent.Modules.Catalog\Services\ApplicationService.cs(81,52): error CS0111: Type 'ApplicationService' already defines a member called 'GetApplicationsForTenantAsync' with the same parameter types [F:\AzureProjects\TrustRent\TrustRent_Backend\TrustRent.Modules.Catalog\TrustRent.Modules.Catalog.csproj]
F:\AzureProjects\TrustRent\TrustRent_Backend\TrustRent.Modules.Catalog\Services\ApplicationService.cs(99,40): error CS0111: Type 'ApplicationService' already defines a member called 'GetApplicationByIdAsync' with the same parameter types [F:\AzureProjects\TrustRent\TrustRent_Backend\TrustRent.Modules.Catalog\TrustRent.Modules.Catalog.csproj]
F:\AzureProjects\TrustRent\TrustRent_Backend\TrustRent.Modules.Catalog\Services\ApplicationService.cs(114,39): error CS0111: Type 'ApplicationService' already defines a member called 'UpdateVisitStatusAsync' with the same parameter types [F:\AzureProjects\TrustRent\TrustRent_Backend\TrustRent.Modules.Catalog\TrustRent.Modules.Catalog.csproj]
F:\AzureProjects\TrustRent\TrustRent_Backend\TrustRent.Modules.Catalog\Models\Lease.cs(54,12): error CS0246: The type or namespace name 'Application' could not be found (are you missing a using directive or an assembly reference?) [F:\AzureProjects\TrustRent\TrustRent_Backend\TrustRent.Modules.Catalog\TrustRent.Modules.Catalog.csproj]
F:\AzureProjects\TrustRent\TrustRent_Backend\TrustRent.Modules.Catalog\Services\LeaseValidator.cs(46,24): error CS0111: Type 'LeaseValidator' already defines a member called 'ValidateRequestSignature' with the same parameter types [F:\AzureProjects\TrustRent\TrustRent_Backend\TrustRent.Modules.Catalog\TrustRent.Modules.Catalog.csproj]
F:\AzureProjects\TrustRent\TrustRent_Backend\TrustRent.Modules.Catalog\Services\LeaseValidator.cs(66,24): error CS0111: Type 'LeaseValidator' already defines a member called 'ValidateConfirmSignature' with the same parameter types [F:\AzureProjects\TrustRent\TrustRent_Backend\TrustRent.Modules.Catalog\TrustRent.Modules.Catalog.csproj]
F:\AzureProjects\TrustRent\TrustRent_Backend\TrustRent.Modules.Catalog\Services\LeaseValidator.cs(74,24): error CS0111: Type 'LeaseValidator' already defines a member called 'ValidateAcceptTerms' with the same parameter types [F:\AzureProjects\TrustRent\TrustRent_Backend\TrustRent.Modules.Catalog\TrustRent.Modules.Catalog.csproj]
F:\AzureProjects\TrustRent\TrustRent_Backend\TrustRent.Modules.Catalog\Services\LeaseValidator.cs(91,24): error CS0111: Type 'LeaseValidator' already defines a member called 'ValidateCancel' with the same parameter types [F:\AzureProjects\TrustRent\TrustRent_Backend\TrustRent.Modules.Catalog\TrustRent.Modules.Catalog.csproj]
F:\AzureProjects\TrustRent\TrustRent_Backend\TrustRent.Modules.Catalog\Services\LeaseValidator.cs(102,25): error CS0111: Type 'LeaseValidator' already defines a member called 'EnsureParticipant' with the same parameter types [F:\AzureProjects\TrustRent\TrustRent_Backend\TrustRent.Modules.Catalog\TrustRent.Modules.Catalog.csproj]
F:\AzureProjects\TrustRent\TrustRent_Backend\TrustRent.Modules.Catalog\Services\LeaseValidator.cs(114,25): error CS0111: Type 'LeaseValidator' already defines a member called 'IsValidPortuguesePhone' with the same parameter types [F:\AzureProjects\TrustRent\TrustRent_Backend\TrustRent.Modules.Catalog\TrustRent.Modules.Catalog.csproj]
F:\AzureProjects\TrustRent\TrustRent_Backend\TrustRent.Modules.Catalog\Contracts\Interfaces\ILeaseService.cs(7,81): error CS0246: The type or namespace name 'InitiateLeaseProcedureDto' could not be found (are you missing a using directive or an assembly reference?) [F:\AzureProjects\TrustRent\TrustRent_Backend\TrustRent.Modules.Catalog\TrustRent.Modules.Catalog.csproj]
F:\AzureProjects\TrustRent\TrustRent_Backend\TrustRent.Modules.Catalog\Contracts\Interfaces\ILeaseService.cs(7,10): error CS0246: The type or namespace name 'LeaseDto' could not be found (are you missing a using directive or an assembly reference?) [F:\AzureProjects\TrustRent\TrustRent_Backend\TrustRent.Modules.Catalog\TrustRent.Modules.Catalog.csproj]
F:\AzureProjects\TrustRent\TrustRent_Backend\TrustRent.Modules.Catalog\Services\LeaseService.cs(36,94): error CS0246: The type or namespace name 'InitiateLeaseProcedureDto' could not be found (are you missing a using directive or an assembly reference?) [F:\AzureProjects\TrustRent\TrustRent_Backend\TrustRent.Modules.Catalog\TrustRent.Modules.Catalog.csproj]
F:\AzureProjects\TrustRent\TrustRent_Backend\TrustRent.Modules.Catalog\Services\LeaseService.cs(36,23): error CS0246: The type or namespace name 'LeaseDto' could not be found (are you missing a using directive or an assembly reference?) [F:\AzureProjects\TrustRent\TrustRent_Backend\TrustRent.Modules.Catalog\TrustRent.Modules.Catalog.csproj]
F:\AzureProjects\TrustRent\TrustRent_Backend\TrustRent.Modules.Catalog\Contracts\Interfaces\ILeaseService.cs(8,76): error CS0246: The type or namespace name 'ConfirmLeaseStartDateDto' could not be found (are you missing a using directive or an assembly reference?) [F:\AzureProjects\TrustRent\TrustRent_Backend\TrustRent.Modules.Catalog\TrustRent.Modules.Catalog.csproj]
F:\AzureProjects\TrustRent\TrustRent_Backend\TrustRent.Modules.Catalog\Contracts\Interfaces\ILeaseService.cs(8,10): error CS0246: The type or namespace name 'LeaseDto' could not be found (are you missing a using directive or an assembly reference?) [F:\AzureProjects\TrustRent\TrustRent_Backend\TrustRent.Modules.Catalog\TrustRent.Modules.Catalog.csproj]
F:\AzureProjects\TrustRent\TrustRent_Backend\TrustRent.Modules.Catalog\Contracts\Interfaces\ILeaseService.cs(9,74): error CS0246: The type or namespace name 'ConfirmLeaseStartDateDto' could not be found (are you missing a using directive or an assembly reference?) [F:\AzureProjects\TrustRent\TrustRent_Backend\TrustRent.Modules.Catalog\TrustRent.Modules.Catalog.csproj]
F:\AzureProjects\TrustRent\TrustRent_Backend\TrustRent.Modules.Catalog\Contracts\Interfaces\ILeaseService.cs(9,10): error CS0246: The type or namespace name 'LeaseDto' could not be found (are you missing a using directive or an assembly reference?) [F:\AzureProjects\TrustRent\TrustRent_Backend\TrustRent.Modules.Catalog\TrustRent.Modules.Catalog.csproj]
F:\AzureProjects\TrustRent\TrustRent_Backend\TrustRent.Modules.Catalog\Services\LeaseService.cs(107,87): error CS0246: The type or namespace name 'ConfirmLeaseStartDateDto' could not be found (are you missing a using directive or an assembly reference?) [F:\AzureProjects\TrustRent\TrustRent_Backend\TrustRent.Modules.Catalog\TrustRent.Modules.Catalog.csproj]
F:\AzureProjects\TrustRent\TrustRent_Backend\TrustRent.Modules.Catalog\Services\LeaseService.cs(107,23): error CS0246: The type or namespace name 'LeaseDto' could not be found (are you missing a using directive or an assembly reference?) [F:\AzureProjects\TrustRent\TrustRent_Backend\TrustRent.Modules.Catalog\TrustRent.Modules.Catalog.csproj]
F:\AzureProjects\TrustRent\TrustRent_Backend\TrustRent.Modules.Catalog\Contracts\Interfaces\ILeaseService.cs(10,69): error CS0246: The type or namespace name 'RequestLeaseSignatureDto' could not be found (are you missing a using directive or an assembly reference?) [F:\AzureProjects\TrustRent\TrustRent_Backend\TrustRent.Modules.Catalog\TrustRent.Modules.Catalog.csproj]
F:\AzureProjects\TrustRent\TrustRent_Backend\TrustRent.Modules.Catalog\Contracts\Interfaces\ILeaseService.cs(10,10): error CS0246: The type or namespace name 'LeaseDto' could not be found (are you missing a using directive or an assembly reference?) [F:\AzureProjects\TrustRent\TrustRent_Backend\TrustRent.Modules.Catalog\TrustRent.Modules.Catalog.csproj]
F:\AzureProjects\TrustRent\TrustRent_Backend\TrustRent.Modules.Catalog\Contracts\Interfaces\ILeaseService.cs(11,69): error CS0246: The type or namespace name 'ConfirmLeaseSignatureDto' could not be found (are you missing a using directive or an assembly reference?) [F:\AzureProjects\TrustRent\TrustRent_Backend\TrustRent.Modules.Catalog\TrustRent.Modules.Catalog.csproj]
F:\AzureProjects\TrustRent\TrustRent_Backend\TrustRent.Modules.Catalog\Contracts\Interfaces\ILeaseService.cs(11,10): error CS0246: The type or namespace name 'LeaseDto' could not be found (are you missing a using directive or an assembly reference?) [F:\AzureProjects\TrustRent\TrustRent_Backend\TrustRent.Modules.Catalog\TrustRent.Modules.Catalog.csproj]
F:\AzureProjects\TrustRent\TrustRent_Backend\TrustRent.Modules.Catalog\Services\LeaseService.cs(167,89): error CS0246: The type or namespace name 'ConfirmLeaseStartDateDto' could not be found (are you missing a using directive or an assembly reference?) [F:\AzureProjects\TrustRent\TrustRent_Backend\TrustRent.Modules.Catalog\TrustRent.Modules.Catalog.csproj]
F:\AzureProjects\TrustRent\TrustRent_Backend\TrustRent.Modules.Catalog\Services\LeaseService.cs(167,23): error CS0246: The type or namespace name 'LeaseDto' could not be found (are you missing a using directive or an assembly reference?) [F:\AzureProjects\TrustRent\TrustRent_Backend\TrustRent.Modules.Catalog\TrustRent.Modules.Catalog.csproj]
F:\AzureProjects\TrustRent\TrustRent_Backend\TrustRent.Modules.Catalog\Contracts\Interfaces\ILeaseService.cs(12,69): error CS0246: The type or namespace name 'AcceptLeaseTermsDto' could not be found (are you missing a using directive or an assembly reference?) [F:\AzureProjects\TrustRent\TrustRent_Backend\TrustRent.Modules.Catalog\TrustRent.Modules.Catalog.csproj]
F:\AzureProjects\TrustRent\TrustRent_Backend\TrustRent.Modules.Catalog\Contracts\Interfaces\ILeaseService.cs(12,10): error CS0246: The type or namespace name 'LeaseDto' could not be found (are you missing a using directive or an assembly reference?) [F:\AzureProjects\TrustRent\TrustRent_Backend\TrustRent.Modules.Catalog\TrustRent.Modules.Catalog.csproj]
F:\AzureProjects\TrustRent\TrustRent_Backend\TrustRent.Modules.Catalog\Contracts\Interfaces\ILeaseService.cs(13,10): error CS0246: The type or namespace name 'LeaseDto' could not be found (are you missing a using directive or an assembly reference?) [F:\AzureProjects\TrustRent\TrustRent_Backend\TrustRent.Modules.Catalog\TrustRent.Modules.Catalog.csproj]
F:\AzureProjects\TrustRent\TrustRent_Backend\TrustRent.Modules.Catalog\Contracts\Interfaces\ILeaseService.cs(14,10): error CS0246: The type or namespace name 'LeaseDto' could not be found (are you missing a using directive or an assembly reference?) [F:\AzureProjects\TrustRent\TrustRent_Backend\TrustRent.Modules.Catalog\TrustRent.Modules.Catalog.csproj]
F:\AzureProjects\TrustRent\TrustRent_Backend\TrustRent.Modules.Catalog\Services\LeaseService.cs(213,82): error CS0246: The type or namespace name 'RequestLeaseSignatureDto' could not be found (are you missing a using directive or an assembly reference?) [F:\AzureProjects\TrustRent\TrustRent_Backend\TrustRent.Modules.Catalog\TrustRent.Modules.Catalog.csproj]
F:\AzureProjects\TrustRent\TrustRent_Backend\TrustRent.Modules.Catalog\Services\LeaseService.cs(213,23): error CS0246: The type or namespace name 'LeaseDto' could not be found (are you missing a using directive or an assembly reference?) [F:\AzureProjects\TrustRent\TrustRent_Backend\TrustRent.Modules.Catalog\TrustRent.Modules.Catalog.csproj]
F:\AzureProjects\TrustRent\TrustRent_Backend\TrustRent.Modules.Catalog\Contracts\Interfaces\ILeaseService.cs(15,10): error CS0246: The type or namespace name 'LeaseSignatureStatusDto' could not be found (are you missing a using directive or an assembly reference?) [F:\AzureProjects\TrustRent\TrustRent_Backend\TrustRent.Modules.Catalog\TrustRent.Modules.Catalog.csproj]
F:\AzureProjects\TrustRent\TrustRent_Backend\TrustRent.Modules.Catalog\Contracts\Interfaces\ILeaseService.cs(17,64): error CS0246: The type or namespace name 'CancelLeaseDto' could not be found (are you missing a using directive or an assembly reference?) [F:\AzureProjects\TrustRent\TrustRent_Backend\TrustRent.Modules.Catalog\TrustRent.Modules.Catalog.csproj]
F:\AzureProjects\TrustRent\TrustRent_Backend\TrustRent.Modules.Catalog\Contracts\Interfaces\ILeaseService.cs(17,10): error CS0246: The type or namespace name 'LeaseDto' could not be found (are you missing a using directive or an assembly reference?) [F:\AzureProjects\TrustRent\TrustRent_Backend\TrustRent.Modules.Catalog\TrustRent.Modules.Catalog.csproj]
F:\AzureProjects\TrustRent\TrustRent_Backend\TrustRent.Modules.Catalog\Contracts\Interfaces\ILeaseService.cs(18,22): error CS0246: The type or namespace name 'LeaseDto' could not be found (are you missing a using directive or an assembly reference?) [F:\AzureProjects\TrustRent\TrustRent_Backend\TrustRent.Modules.Catalog\TrustRent.Modules.Catalog.csproj]
F:\AzureProjects\TrustRent\TrustRent_Backend\TrustRent.Modules.Catalog\Services\LeaseService.cs(251,82): error CS0246: The type or namespace name 'ConfirmLeaseSignatureDto' could not be found (are you missing a using directive or an assembly reference?) [F:\AzureProjects\TrustRent\TrustRent_Backend\TrustRent.Modules.Catalog\TrustRent.Modules.Catalog.csproj]
F:\AzureProjects\TrustRent\TrustRent_Backend\TrustRent.Modules.Catalog\Services\LeaseService.cs(251,23): error CS0246: The type or namespace name 'LeaseDto' could not be found (are you missing a using directive or an assembly reference?) [F:\AzureProjects\TrustRent\TrustRent_Backend\TrustRent.Modules.Catalog\TrustRent.Modules.Catalog.csproj]
F:\AzureProjects\TrustRent\TrustRent_Backend\TrustRent.Modules.Catalog\Services\LeaseService.cs(317,82): error CS0246: The type or namespace name 'AcceptLeaseTermsDto' could not be found (are you missing a using directive or an assembly reference?) [F:\AzureProjects\TrustRent\TrustRent_Backend\TrustRent.Modules.Catalog\TrustRent.Modules.Catalog.csproj]
F:\AzureProjects\TrustRent\TrustRent_Backend\TrustRent.Modules.Catalog\Services\LeaseService.cs(317,23): error CS0246: The type or namespace name 'LeaseDto' could not be found (are you missing a using directive or an assembly reference?) [F:\AzureProjects\TrustRent\TrustRent_Backend\TrustRent.Modules.Catalog\TrustRent.Modules.Catalog.csproj]
F:\AzureProjects\TrustRent\TrustRent_Backend\TrustRent.Modules.Catalog\Services\LeaseService.cs(379,23): error CS0246: The type or namespace name 'LeaseDto' could not be found (are you missing a using directive or an assembly reference?) [F:\AzureProjects\TrustRent\TrustRent_Backend\TrustRent.Modules.Catalog\TrustRent.Modules.Catalog.csproj]
F:\AzureProjects\TrustRent\TrustRent_Backend\TrustRent.Modules.Catalog\Services\LeaseService.cs(393,23): error CS0246: The type or namespace name 'LeaseDto' could not be found (are you missing a using directive or an assembly reference?) [F:\AzureProjects\TrustRent\TrustRent_Backend\TrustRent.Modules.Catalog\TrustRent.Modules.Catalog.csproj]
F:\AzureProjects\TrustRent\TrustRent_Backend\TrustRent.Modules.Catalog\Services\LeaseService.cs(406,23): error CS0246: The type or namespace name 'LeaseSignatureStatusDto' could not be found (are you missing a using directive or an assembly reference?) [F:\AzureProjects\TrustRent\TrustRent_Backend\TrustRent.Modules.Catalog\TrustRent.Modules.Catalog.csproj]
F:\AzureProjects\TrustRent\TrustRent_Backend\TrustRent.Modules.Catalog\Services\LeaseService.cs(441,77): error CS0246: The type or namespace name 'CancelLeaseDto' could not be found (are you missing a using directive or an assembly reference?) [F:\AzureProjects\TrustRent\TrustRent_Backend\TrustRent.Modules.Catalog\TrustRent.Modules.Catalog.csproj]
F:\AzureProjects\TrustRent\TrustRent_Backend\TrustRent.Modules.Catalog\Services\LeaseService.cs(441,23): error CS0246: The type or namespace name 'LeaseDto' could not be found (are you missing a using directive or an assembly reference?) [F:\AzureProjects\TrustRent\TrustRent_Backend\TrustRent.Modules.Catalog\TrustRent.Modules.Catalog.csproj]
F:\AzureProjects\TrustRent\TrustRent_Backend\TrustRent.Modules.Catalog\Services\LeaseService.cs(487,35): error CS0246: The type or namespace name 'LeaseDto' could not be found (are you missing a using directive or an assembly reference?) [F:\AzureProjects\TrustRent\TrustRent_Backend\TrustRent.Modules.Catalog\TrustRent.Modules.Catalog.csproj]

Build FAILED.

F:\AzureProjects\TrustRent\TrustRent_Backend\TrustRent.Modules.Catalog\Services\LeaseValidator.cs(5,21): error CS0101: The namespace 'TrustRent.Modules.Catalog.Services' already contains a definition for 'LeaseValidator' [F:\AzureProjects\TrustRent\TrustRent_Backend\TrustRent.Modules.Catalog\TrustRent.Modules.Catalog.csproj]
F:\AzureProjects\TrustRent\TrustRent_Backend\TrustRent.Modules.Catalog\Services\ApplicationService.cs(12,14): error CS0101: The namespace 'TrustRent.Modules.Catalog.Services' already contains a definition for 'ApplicationService' [F:\AzureProjects\TrustRent\TrustRent_Backend\TrustRent.Modules.Catalog\TrustRent.Modules.Catalog.csproj]
F:\AzureProjects\TrustRent\TrustRent_Backend\TrustRent.Modules.Catalog\Mappers\LeaseMappers.cs(8,19): error CS0246: The type or namespace name 'LeaseDto' could not be found (are you missing a using directive or an assembly reference?) [F:\AzureProjects\TrustRent\TrustRent_Backend\TrustRent.Modules.Catalog\TrustRent.Modules.Catalog.csproj]
F:\AzureProjects\TrustRent\TrustRent_Backend\TrustRent.Modules.Catalog\Contracts\DTOs\LeaseDto.cs(7,41): error CS0246: The type or namespace name 'Application' could not be found (are you missing a using directive or an assembly reference?) [F:\AzureProjects\TrustRent\TrustRent_Backend\TrustRent.Modules.Catalog\TrustRent.Modules.Catalog.csproj]
F:\AzureProjects\TrustRent\TrustRent_Backend\TrustRent.Modules.Catalog\Contracts\DTOs\ApplicationDto.cs(20,12): error CS0246: The type or namespace name 'LeaseDto' could not be found (are you missing a using directive or an assembly reference?) [F:\AzureProjects\TrustRent\TrustRent_Backend\TrustRent.Modules.Catalog\TrustRent.Modules.Catalog.csproj]
F:\AzureProjects\TrustRent\TrustRent_Backend\TrustRent.Modules.Catalog\Contracts\Database\CatalogDbContext.cs(13,18): error CS0246: The type or namespace name 'Application' could not be found (are you missing a using directive or an assembly reference?) [F:\AzureProjects\TrustRent\TrustRent_Backend\TrustRent.Modules.Catalog\TrustRent.Modules.Catalog.csproj]
F:\AzureProjects\TrustRent\TrustRent_Backend\TrustRent.Modules.Catalog\Services\LeaseValidator.cs(7,41): error CS0246: The type or namespace name 'Application' could not be found (are you missing a using directive or an assembly reference?) [F:\AzureProjects\TrustRent\TrustRent_Backend\TrustRent.Modules.Catalog\TrustRent.Modules.Catalog.csproj]
F:\AzureProjects\TrustRent\TrustRent_Backend\TrustRent.Modules.Catalog\Services\ApplicationService.cs(17,12): error CS0111: Type 'ApplicationService' already defines a member called 'ApplicationService' with the same parameter types [F:\AzureProjects\TrustRent\TrustRent_Backend\TrustRent.Modules.Catalog\TrustRent.Modules.Catalog.csproj]
F:\AzureProjects\TrustRent\TrustRent_Backend\TrustRent.Modules.Catalog\Services\ApplicationService.cs(23,39): error CS0111: Type 'ApplicationService' already defines a member called 'SubmitApplicationAsync' with the same parameter types [F:\AzureProjects\TrustRent\TrustRent_Backend\TrustRent.Modules.Catalog\TrustRent.Modules.Catalog.csproj]
F:\AzureProjects\TrustRent\TrustRent_Backend\TrustRent.Modules.Catalog\Services\ApplicationService.cs(69,52): error CS0111: Type 'ApplicationService' already defines a member called 'GetApplicationsForPropertyAsync' with the same parameter types [F:\AzureProjects\TrustRent\TrustRent_Backend\TrustRent.Modules.Catalog\TrustRent.Modules.Catalog.csproj]
F:\AzureProjects\TrustRent\TrustRent_Backend\TrustRent.Modules.Catalog\Services\ApplicationService.cs(81,52): error CS0111: Type 'ApplicationService' already defines a member called 'GetApplicationsForTenantAsync' with the same parameter types [F:\AzureProjects\TrustRent\TrustRent_Backend\TrustRent.Modules.Catalog\TrustRent.Modules.Catalog.csproj]
F:\AzureProjects\TrustRent\TrustRent_Backend\TrustRent.Modules.Catalog\Services\ApplicationService.cs(99,40): error CS0111: Type 'ApplicationService' already defines a member called 'GetApplicationByIdAsync' with the same parameter types [F:\AzureProjects\TrustRent\TrustRent_Backend\TrustRent.Modules.Catalog\TrustRent.Modules.Catalog.csproj]
F:\AzureProjects\TrustRent\TrustRent_Backend\TrustRent.Modules.Catalog\Services\ApplicationService.cs(114,39): error CS0111: Type 'ApplicationService' already defines a member called 'UpdateVisitStatusAsync' with the same parameter types [F:\AzureProjects\TrustRent\TrustRent_Backend\TrustRent.Modules.Catalog\TrustRent.Modules.Catalog.csproj]
F:\AzureProjects\TrustRent\TrustRent_Backend\TrustRent.Modules.Catalog\Models\Lease.cs(54,12): error CS0246: The type or namespace name 'Application' could not be found (are you missing a using directive or an assembly reference?) [F:\AzureProjects\TrustRent\TrustRent_Backend\TrustRent.Modules.Catalog\TrustRent.Modules.Catalog.csproj]
F:\AzureProjects\TrustRent\TrustRent_Backend\TrustRent.Modules.Catalog\Services\LeaseValidator.cs(46,24): error CS0111: Type 'LeaseValidator' already defines a member called 'ValidateRequestSignature' with the same parameter types [F:\AzureProjects\TrustRent\TrustRent_Backend\TrustRent.Modules.Catalog\TrustRent.Modules.Catalog.csproj]
F:\AzureProjects\TrustRent\TrustRent_Backend\TrustRent.Modules.Catalog\Services\LeaseValidator.cs(66,24): error CS0111: Type 'LeaseValidator' already defines a member called 'ValidateConfirmSignature' with the same parameter types [F:\AzureProjects\TrustRent\TrustRent_Backend\TrustRent.Modules.Catalog\TrustRent.Modules.Catalog.csproj]
F:\AzureProjects\TrustRent\TrustRent_Backend\TrustRent.Modules.Catalog\Services\LeaseValidator.cs(74,24): error CS0111: Type 'LeaseValidator' already defines a member called 'ValidateAcceptTerms' with the same parameter types [F:\AzureProjects\TrustRent\TrustRent_Backend\TrustRent.Modules.Catalog\TrustRent.Modules.Catalog.csproj]
F:\AzureProjects\TrustRent\TrustRent_Backend\TrustRent.Modules.Catalog\Services\LeaseValidator.cs(91,24): error CS0111: Type 'LeaseValidator' already defines a member called 'ValidateCancel' with the same parameter types [F:\AzureProjects\TrustRent\TrustRent_Backend\TrustRent.Modules.Catalog\TrustRent.Modules.Catalog.csproj]
F:\AzureProjects\TrustRent\TrustRent_Backend\TrustRent.Modules.Catalog\Services\LeaseValidator.cs(102,25): error CS0111: Type 'LeaseValidator' already defines a member called 'EnsureParticipant' with the same parameter types [F:\AzureProjects\TrustRent\TrustRent_Backend\TrustRent.Modules.Catalog\TrustRent.Modules.Catalog.csproj]
F:\AzureProjects\TrustRent\TrustRent_Backend\TrustRent.Modules.Catalog\Services\LeaseValidator.cs(114,25): error CS0111: Type 'LeaseValidator' already defines a member called 'IsValidPortuguesePhone' with the same parameter types [F:\AzureProjects\TrustRent\TrustRent_Backend\TrustRent.Modules.Catalog\TrustRent.Modules.Catalog.csproj]
F:\AzureProjects\TrustRent\TrustRent_Backend\TrustRent.Modules.Catalog\Contracts\Interfaces\ILeaseService.cs(7,81): error CS0246: The type or namespace name 'InitiateLeaseProcedureDto' could not be found (are you missing a using directive or an assembly reference?) [F:\AzureProjects\TrustRent\TrustRent_Backend\TrustRent.Modules.Catalog\TrustRent.Modules.Catalog.csproj]
F:\AzureProjects\TrustRent\TrustRent_Backend\TrustRent.Modules.Catalog\Contracts\Interfaces\ILeaseService.cs(7,10): error CS0246: The type or namespace name 'LeaseDto' could not be found (are you missing a using directive or an assembly reference?) [F:\AzureProjects\TrustRent\TrustRent_Backend\TrustRent.Modules.Catalog\TrustRent.Modules.Catalog.csproj]
F:\AzureProjects\TrustRent\TrustRent_Backend\TrustRent.Modules.Catalog\Services\LeaseService.cs(36,94): error CS0246: The type or namespace name 'InitiateLeaseProcedureDto' could not be found (are you missing a using directive or an assembly reference?) [F:\AzureProjects\TrustRent\TrustRent_Backend\TrustRent.Modules.Catalog\TrustRent.Modules.Catalog.csproj]
F:\AzureProjects\TrustRent\TrustRent_Backend\TrustRent.Modules.Catalog\Services\LeaseService.cs(36,23): error CS0246: The type or namespace name 'LeaseDto' could not be found (are you missing a using directive or an assembly reference?) [F:\AzureProjects\TrustRent\TrustRent_Backend\TrustRent.Modules.Catalog\TrustRent.Modules.Catalog.csproj]
F:\AzureProjects\TrustRent\TrustRent_Backend\TrustRent.Modules.Catalog\Contracts\Interfaces\ILeaseService.cs(8,76): error CS0246: The type or namespace name 'ConfirmLeaseStartDateDto' could not be found (are you missing a using directive or an assembly reference?) [F:\AzureProjects\TrustRent\TrustRent_Backend\TrustRent.Modules.Catalog\TrustRent.Modules.Catalog.csproj]
F:\AzureProjects\TrustRent\TrustRent_Backend\TrustRent.Modules.Catalog\Contracts\Interfaces\ILeaseService.cs(8,10): error CS0246: The type or namespace name 'LeaseDto' could not be found (are you missing a using directive or an assembly reference?) [F:\AzureProjects\TrustRent\TrustRent_Backend\TrustRent.Modules.Catalog\TrustRent.Modules.Catalog.csproj]
F:\AzureProjects\TrustRent\TrustRent_Backend\TrustRent.Modules.Catalog\Contracts\Interfaces\ILeaseService.cs(9,74): error CS0246: The type or namespace name 'ConfirmLeaseStartDateDto' could not be found (are you missing a using directive or an assembly reference?) [F:\AzureProjects\TrustRent\TrustRent_Backend\TrustRent.Modules.Catalog\TrustRent.Modules.Catalog.csproj]
F:\AzureProjects\TrustRent\TrustRent_Backend\TrustRent.Modules.Catalog\Contracts\Interfaces\ILeaseService.cs(9,10): error CS0246: The type or namespace name 'LeaseDto' could not be found (are you missing a using directive or an assembly reference?) [F:\AzureProjects\TrustRent\TrustRent_Backend\TrustRent.Modules.Catalog\TrustRent.Modules.Catalog.csproj]
F:\AzureProjects\TrustRent\TrustRent_Backend\TrustRent.Modules.Catalog\Services\LeaseService.cs(107,87): error CS0246: The type or namespace name 'ConfirmLeaseStartDateDto' could not be found (are you missing a using directive or an assembly reference?) [F:\AzureProjects\TrustRent\TrustRent_Backend\TrustRent.Modules.Catalog\TrustRent.Modules.Catalog.csproj]
F:\AzureProjects\TrustRent\TrustRent_Backend\TrustRent.Modules.Catalog\Services\LeaseService.cs(107,23): error CS0246: The type or namespace name 'LeaseDto' could not be found (are you missing a using directive or an assembly reference?) [F:\AzureProjects\TrustRent\TrustRent_Backend\TrustRent.Modules.Catalog\TrustRent.Modules.Catalog.csproj]
F:\AzureProjects\TrustRent\TrustRent_Backend\TrustRent.Modules.Catalog\Contracts\Interfaces\ILeaseService.cs(10,69): error CS0246: The type or namespace name 'RequestLeaseSignatureDto' could not be found (are you missing a using directive or an assembly reference?) [F:\AzureProjects\TrustRent\TrustRent_Backend\TrustRent.Modules.Catalog\TrustRent.Modules.Catalog.csproj]
F:\AzureProjects\TrustRent\TrustRent_Backend\TrustRent.Modules.Catalog\Contracts\Interfaces\ILeaseService.cs(10,10): error CS0246: The type or namespace name 'LeaseDto' could not be found (are you missing a using directive or an assembly reference?) [F:\AzureProjects\TrustRent\TrustRent_Backend\TrustRent.Modules.Catalog\TrustRent.Modules.Catalog.csproj]
F:\AzureProjects\TrustRent\TrustRent_Backend\TrustRent.Modules.Catalog\Contracts\Interfaces\ILeaseService.cs(11,69): error CS0246: The type or namespace name 'ConfirmLeaseSignatureDto' could not be found (are you missing a using directive or an assembly reference?) [F:\AzureProjects\TrustRent\TrustRent_Backend\TrustRent.Modules.Catalog\TrustRent.Modules.Catalog.csproj]
F:\AzureProjects\TrustRent\TrustRent_Backend\TrustRent.Modules.Catalog\Contracts\Interfaces\ILeaseService.cs(11,10): error CS0246: The type or namespace name 'LeaseDto' could not be found (are you missing a using directive or an assembly reference?) [F:\AzureProjects\TrustRent\TrustRent_Backend\TrustRent.Modules.Catalog\TrustRent.Modules.Catalog.csproj]
F:\AzureProjects\TrustRent\TrustRent_Backend\TrustRent.Modules.Catalog\Services\LeaseService.cs(167,89): error CS0246: The type or namespace name 'ConfirmLeaseStartDateDto' could not be found (are you missing a using directive or an assembly reference?) [F:\AzureProjects\TrustRent\TrustRent_Backend\TrustRent.Modules.Catalog\TrustRent.Modules.Catalog.csproj]
F:\AzureProjects\TrustRent\TrustRent_Backend\TrustRent.Modules.Catalog\Services\LeaseService.cs(167,23): error CS0246: The type or namespace name 'LeaseDto' could not be found (are you missing a using directive or an assembly reference?) [F:\AzureProjects\TrustRent\TrustRent_Backend\TrustRent.Modules.Catalog\TrustRent.Modules.Catalog.csproj]
F:\AzureProjects\TrustRent\TrustRent_Backend\TrustRent.Modules.Catalog\Contracts\Interfaces\ILeaseService.cs(12,69): error CS0246: The type or namespace name 'AcceptLeaseTermsDto' could not be found (are you missing a using directive or an assembly reference?) [F:\AzureProjects\TrustRent\TrustRent_Backend\TrustRent.Modules.Catalog\TrustRent.Modules.Catalog.csproj]
F:\AzureProjects\TrustRent\TrustRent_Backend\TrustRent.Modules.Catalog\Contracts\Interfaces\ILeaseService.cs(12,10): error CS0246: The type or namespace name 'LeaseDto' could not be found (are you missing a using directive or an assembly reference?) [F:\AzureProjects\TrustRent\TrustRent_Backend\TrustRent.Modules.Catalog\TrustRent.Modules.Catalog.csproj]
F:\AzureProjects\TrustRent\TrustRent_Backend\TrustRent.Modules.Catalog\Contracts\Interfaces\ILeaseService.cs(13,10): error CS0246: The type or namespace name 'LeaseDto' could not be found (are you missing a using directive or an assembly reference?) [F:\AzureProjects\TrustRent\TrustRent_Backend\TrustRent.Modules.Catalog\TrustRent.Modules.Catalog.csproj]
F:\AzureProjects\TrustRent\TrustRent_Backend\TrustRent.Modules.Catalog\Contracts\Interfaces\ILeaseService.cs(14,10): error CS0246: The type or namespace name 'LeaseDto' could not be found (are you missing a using directive or an assembly reference?) [F:\AzureProjects\TrustRent\TrustRent_Backend\TrustRent.Modules.Catalog\TrustRent.Modules.Catalog.csproj]
F:\AzureProjects\TrustRent\TrustRent_Backend\TrustRent.Modules.Catalog\Services\LeaseService.cs(213,82): error CS0246: The type or namespace name 'RequestLeaseSignatureDto' could not be found (are you missing a using directive or an assembly reference?) [F:\AzureProjects\TrustRent\TrustRent_Backend\TrustRent.Modules.Catalog\TrustRent.Modules.Catalog.csproj]
F:\AzureProjects\TrustRent\TrustRent_Backend\TrustRent.Modules.Catalog\Services\LeaseService.cs(213,23): error CS0246: The type or namespace name 'LeaseDto' could not be found (are you missing a using directive or an assembly reference?) [F:\AzureProjects\TrustRent\TrustRent_Backend\TrustRent.Modules.Catalog\TrustRent.Modules.Catalog.csproj]
F:\AzureProjects\TrustRent\TrustRent_Backend\TrustRent.Modules.Catalog\Contracts\Interfaces\ILeaseService.cs(15,10): error CS0246: The type or namespace name 'LeaseSignatureStatusDto' could not be found (are you missing a using directive or an assembly reference?) [F:\AzureProjects\TrustRent\TrustRent_Backend\TrustRent.Modules.Catalog\TrustRent.Modules.Catalog.csproj]
F:\AzureProjects\TrustRent\TrustRent_Backend\TrustRent.Modules.Catalog\Contracts\Interfaces\ILeaseService.cs(17,64): error CS0246: The type or namespace name 'CancelLeaseDto' could not be found (are you missing a using directive or an assembly reference?) [F:\AzureProjects\TrustRent\TrustRent_Backend\TrustRent.Modules.Catalog\TrustRent.Modules.Catalog.csproj]
F:\AzureProjects\TrustRent\TrustRent_Backend\TrustRent.Modules.Catalog\Contracts\Interfaces\ILeaseService.cs(17,10): error CS0246: The type or namespace name 'LeaseDto' could not be found (are you missing a using directive or an assembly reference?) [F:\AzureProjects\TrustRent\TrustRent_Backend\TrustRent.Modules.Catalog\TrustRent.Modules.Catalog.csproj]
F:\AzureProjects\TrustRent\TrustRent_Backend\TrustRent.Modules.Catalog\Contracts\Interfaces\ILeaseService.cs(18,22): error CS0246: The type or namespace name 'LeaseDto' could not be found (are you missing a using directive or an assembly reference?) [F:\AzureProjects\TrustRent\TrustRent_Backend\TrustRent.Modules.Catalog\TrustRent.Modules.Catalog.csproj]
F:\AzureProjects\TrustRent\TrustRent_Backend\TrustRent.Modules.Catalog\Services\LeaseService.cs(251,82): error CS0246: The type or namespace name 'ConfirmLeaseSignatureDto' could not be found (are you missing a using directive or an assembly reference?) [F:\AzureProjects\TrustRent\TrustRent_Backend\TrustRent.Modules.Catalog\TrustRent.Modules.Catalog.csproj]
F:\AzureProjects\TrustRent\TrustRent_Backend\TrustRent.Modules.Catalog\Services\LeaseService.cs(251,23): error CS0246: The type or namespace name 'LeaseDto' could not be found (are you missing a using directive or an assembly reference?) [F:\AzureProjects\TrustRent\TrustRent_Backend\TrustRent.Modules.Catalog\TrustRent.Modules.Catalog.csproj]
F:\AzureProjects\TrustRent\TrustRent_Backend\TrustRent.Modules.Catalog\Services\LeaseService.cs(317,82): error CS0246: The type or namespace name 'AcceptLeaseTermsDto' could not be found (are you missing a using directive or an assembly reference?) [F:\AzureProjects\TrustRent\TrustRent_Backend\TrustRent.Modules.Catalog\TrustRent.Modules.Catalog.csproj]
F:\AzureProjects\TrustRent\TrustRent_Backend\TrustRent.Modules.Catalog\Services\LeaseService.cs(317,23): error CS0246: The type or namespace name 'LeaseDto' could not be found (are you missing a using directive or an assembly reference?) [F:\AzureProjects\TrustRent\TrustRent_Backend\TrustRent.Modules.Catalog\TrustRent.Modules.Catalog.csproj]
F:\AzureProjects\TrustRent\TrustRent_Backend\TrustRent.Modules.Catalog\Services\LeaseService.cs(379,23): error CS0246: The type or namespace name 'LeaseDto' could not be found (are you missing a using directive or an assembly reference?) [F:\AzureProjects\TrustRent\TrustRent_Backend\TrustRent.Modules.Catalog\TrustRent.Modules.Catalog.csproj]
F:\AzureProjects\TrustRent\TrustRent_Backend\TrustRent.Modules.Catalog\Services\LeaseService.cs(393,23): error CS0246: The type or namespace name 'LeaseDto' could not be found (are you missing a using directive or an assembly reference?) [F:\AzureProjects\TrustRent\TrustRent_Backend\TrustRent.Modules.Catalog\TrustRent.Modules.Catalog.csproj]
F:\AzureProjects\TrustRent\TrustRent_Backend\TrustRent.Modules.Catalog\Services\LeaseService.cs(406,23): error CS0246: The type or namespace name 'LeaseSignatureStatusDto' could not be found (are you missing a using directive or an assembly reference?) [F:\AzureProjects\TrustRent\TrustRent_Backend\TrustRent.Modules.Catalog\TrustRent.Modules.Catalog.csproj]
F:\AzureProjects\TrustRent\TrustRent_Backend\TrustRent.Modules.Catalog\Services\LeaseService.cs(441,77): error CS0246: The type or namespace name 'CancelLeaseDto' could not be found (are you missing a using directive or an assembly reference?) [F:\AzureProjects\TrustRent\TrustRent_Backend\TrustRent.Modules.Catalog\TrustRent.Modules.Catalog.csproj]
F:\AzureProjects\TrustRent\TrustRent_Backend\TrustRent.Modules.Catalog\Services\LeaseService.cs(441,23): error CS0246: The type or namespace name 'LeaseDto' could not be found (are you missing a using directive or an assembly reference?) [F:\AzureProjects\TrustRent\TrustRent_Backend\TrustRent.Modules.Catalog\TrustRent.Modules.Catalog.csproj]
F:\AzureProjects\TrustRent\TrustRent_Backend\TrustRent.Modules.Catalog\Services\LeaseService.cs(487,35): error CS0246: The type or namespace name 'LeaseDto' could not be found (are you missing a using directive or an assembly reference?) [F:\AzureProjects\TrustRent\TrustRent_Backend\TrustRent.Modules.Catalog\TrustRent.Modules.Catalog.csproj]
    0 Warning(s)
    56 Error(s)

Time Elapsed 00:00:00.64
